
Allocating common symbols
Common symbol       size              file

TmpBitVal           0x1               ./main.o

Discarded input sections

 .group         0x00000000        0x8 ./STM32F10x_StdPeriph_Driver/src/misc.o
 .group         0x00000000        0x8 ./STM32F10x_StdPeriph_Driver/src/misc.o
 .group         0x00000000        0x8 ./STM32F10x_StdPeriph_Driver/src/misc.o
 .group         0x00000000        0x8 ./STM32F10x_StdPeriph_Driver/src/misc.o
 .group         0x00000000        0x8 ./STM32F10x_StdPeriph_Driver/src/misc.o
 .group         0x00000000        0x8 ./STM32F10x_StdPeriph_Driver/src/misc.o
 .group         0x00000000        0x8 ./STM32F10x_StdPeriph_Driver/src/misc.o
 .group         0x00000000        0x8 ./STM32F10x_StdPeriph_Driver/src/misc.o
 .group         0x00000000        0x8 ./STM32F10x_StdPeriph_Driver/src/misc.o
 .group         0x00000000        0x8 ./STM32F10x_StdPeriph_Driver/src/misc.o
 .group         0x00000000        0x8 ./STM32F10x_StdPeriph_Driver/src/misc.o
 .group         0x00000000        0x8 ./STM32F10x_StdPeriph_Driver/src/misc.o
 .group         0x00000000        0x8 ./STM32F10x_StdPeriph_Driver/src/misc.o
 .group         0x00000000        0x8 ./STM32F10x_StdPeriph_Driver/src/misc.o
 .group         0x00000000        0x8 ./STM32F10x_StdPeriph_Driver/src/misc.o
 .group         0x00000000        0x8 ./STM32F10x_StdPeriph_Driver/src/misc.o
 .group         0x00000000        0x8 ./STM32F10x_StdPeriph_Driver/src/misc.o
 .group         0x00000000        0x8 ./STM32F10x_StdPeriph_Driver/src/misc.o
 .group         0x00000000        0x8 ./STM32F10x_StdPeriph_Driver/src/misc.o
 .group         0x00000000        0x8 ./STM32F10x_StdPeriph_Driver/src/misc.o
 .group         0x00000000        0x8 ./STM32F10x_StdPeriph_Driver/src/misc.o
 .group         0x00000000        0x8 ./STM32F10x_StdPeriph_Driver/src/misc.o
 .group         0x00000000        0x8 ./STM32F10x_StdPeriph_Driver/src/misc.o
 .group         0x00000000        0x8 ./STM32F10x_StdPeriph_Driver/src/misc.o
 .group         0x00000000        0x8 ./STM32F10x_StdPeriph_Driver/src/misc.o
 .group         0x00000000        0x8 ./STM32F10x_StdPeriph_Driver/src/misc.o
 .group         0x00000000        0x8 ./STM32F10x_StdPeriph_Driver/src/misc.o
 .group         0x00000000        0x8 ./STM32F10x_StdPeriph_Driver/src/misc.o
 .group         0x00000000        0x8 ./STM32F10x_StdPeriph_Driver/src/misc.o
 .data          0x00000000        0x0 ./STM32F10x_StdPeriph_Driver/src/misc.o
 .bss           0x00000000        0x0 ./STM32F10x_StdPeriph_Driver/src/misc.o
 .group         0x00000000        0x8 ./STM32F10x_StdPeriph_Driver/src/stm32f10x_adc.o
 .group         0x00000000        0x8 ./STM32F10x_StdPeriph_Driver/src/stm32f10x_adc.o
 .group         0x00000000        0x8 ./STM32F10x_StdPeriph_Driver/src/stm32f10x_adc.o
 .group         0x00000000        0x8 ./STM32F10x_StdPeriph_Driver/src/stm32f10x_adc.o
 .group         0x00000000        0x8 ./STM32F10x_StdPeriph_Driver/src/stm32f10x_adc.o
 .group         0x00000000        0x8 ./STM32F10x_StdPeriph_Driver/src/stm32f10x_adc.o
 .group         0x00000000        0x8 ./STM32F10x_StdPeriph_Driver/src/stm32f10x_adc.o
 .group         0x00000000        0x8 ./STM32F10x_StdPeriph_Driver/src/stm32f10x_adc.o
 .group         0x00000000        0x8 ./STM32F10x_StdPeriph_Driver/src/stm32f10x_adc.o
 .group         0x00000000        0x8 ./STM32F10x_StdPeriph_Driver/src/stm32f10x_adc.o
 .group         0x00000000        0x8 ./STM32F10x_StdPeriph_Driver/src/stm32f10x_adc.o
 .group         0x00000000        0x8 ./STM32F10x_StdPeriph_Driver/src/stm32f10x_adc.o
 .group         0x00000000        0x8 ./STM32F10x_StdPeriph_Driver/src/stm32f10x_adc.o
 .group         0x00000000        0x8 ./STM32F10x_StdPeriph_Driver/src/stm32f10x_adc.o
 .group         0x00000000        0x8 ./STM32F10x_StdPeriph_Driver/src/stm32f10x_adc.o
 .group         0x00000000        0x8 ./STM32F10x_StdPeriph_Driver/src/stm32f10x_adc.o
 .group         0x00000000        0x8 ./STM32F10x_StdPeriph_Driver/src/stm32f10x_adc.o
 .group         0x00000000        0x8 ./STM32F10x_StdPeriph_Driver/src/stm32f10x_adc.o
 .group         0x00000000        0x8 ./STM32F10x_StdPeriph_Driver/src/stm32f10x_adc.o
 .group         0x00000000        0x8 ./STM32F10x_StdPeriph_Driver/src/stm32f10x_adc.o
 .group         0x00000000        0x8 ./STM32F10x_StdPeriph_Driver/src/stm32f10x_adc.o
 .group         0x00000000        0x8 ./STM32F10x_StdPeriph_Driver/src/stm32f10x_adc.o
 .group         0x00000000        0x8 ./STM32F10x_StdPeriph_Driver/src/stm32f10x_adc.o
 .group         0x00000000        0x8 ./STM32F10x_StdPeriph_Driver/src/stm32f10x_adc.o
 .group         0x00000000        0x8 ./STM32F10x_StdPeriph_Driver/src/stm32f10x_adc.o
 .group         0x00000000        0x8 ./STM32F10x_StdPeriph_Driver/src/stm32f10x_adc.o
 .group         0x00000000        0x8 ./STM32F10x_StdPeriph_Driver/src/stm32f10x_adc.o
 .group         0x00000000        0x8 ./STM32F10x_StdPeriph_Driver/src/stm32f10x_adc.o
[...]
Memory Configuration

Name             Origin             Length             Attributes
FLASH            0x08000000         0x00020000         xr
RAM              0x20000000         0x00005000         xrw
MEMORY_B1        0x60000000         0x00000000         xr
*default*        0x00000000         0xffffffff

Linker script and memory map

LOAD ./STM32F10x_StdPeriph_Driver/src/misc.o
LOAD ./STM32F10x_StdPeriph_Driver/src/stm32f10x_adc.o
LOAD ./STM32F10x_StdPeriph_Driver/src/stm32f10x_bkp.o
LOAD ./STM32F10x_StdPeriph_Driver/src/stm32f10x_can.o
LOAD ./STM32F10x_StdPeriph_Driver/src/stm32f10x_cec.o
LOAD ./STM32F10x_StdPeriph_Driver/src/stm32f10x_crc.o
LOAD ./STM32F10x_StdPeriph_Driver/src/stm32f10x_dac.o
LOAD ./STM32F10x_StdPeriph_Driver/src/stm32f10x_dbgmcu.o
LOAD ./STM32F10x_StdPeriph_Driver/src/stm32f10x_dma.o
LOAD ./STM32F10x_StdPeriph_Driver/src/stm32f10x_exti.o
LOAD ./STM32F10x_StdPeriph_Driver/src/stm32f10x_flash.o
LOAD ./STM32F10x_StdPeriph_Driver/src/stm32f10x_fsmc.o
LOAD ./STM32F10x_StdPeriph_Driver/src/stm32f10x_gpio.o
LOAD ./STM32F10x_StdPeriph_Driver/src/stm32f10x_i2c.o
LOAD ./STM32F10x_StdPeriph_Driver/src/stm32f10x_iwdg.o
LOAD ./STM32F10x_StdPeriph_Driver/src/stm32f10x_pwr.o
LOAD ./STM32F10x_StdPeriph_Driver/src/stm32f10x_rcc.o
LOAD ./STM32F10x_StdPeriph_Driver/src/stm32f10x_rtc.o
LOAD ./STM32F10x_StdPeriph_Driver/src/stm32f10x_sdio.o
LOAD ./STM32F10x_StdPeriph_Driver/src/stm32f10x_spi.o
LOAD ./STM32F10x_StdPeriph_Driver/src/stm32f10x_tim.o
LOAD ./STM32F10x_StdPeriph_Driver/src/stm32f10x_usart.o
LOAD ./STM32F10x_StdPeriph_Driver/src/stm32f10x_wwdg.o
LOAD ./CMSIS/core_cm3.o
LOAD ./CMSIS/startup_stm32f10x_md.o
LOAD ./CMSIS/system_stm32f10x.o
LOAD ./main.o
START GROUP
LOAD /opt/codesourcery/arm-2012.09/bin/../lib/gcc/arm-none-eabi/4.7.2/thumb2/libgcc.a
LOAD /opt/codesourcery/arm-2012.09/bin/../lib/gcc/arm-none-eabi/4.7.2/../../../../arm-none-eabi/lib/thumb2/libc.a
END GROUP
                0x20005000                _estack = 0x20005000
                0x00000000                _Min_Heap_Size = 0x0
                0x00000100                _Min_Stack_Size = 0x100

.isr_vector     0x08000000      0x10c
                0x08000000                . = ALIGN (0x4)
 *(.isr_vector)
 .isr_vector    0x08000000      0x10c ./CMSIS/startup_stm32f10x_md.o
                0x08000000                g_pfnVectors
                0x0800010c                . = ALIGN (0x4)

.text           0x0800010c     0x16b8
                0x0800010c                . = ALIGN (0x4)
 *(.text)
 .text          0x0800010c      0x19c ./STM32F10x_StdPeriph_Driver/src/misc.o
                0x0800010c                NVIC_PriorityGroupConfig
                0x08000130                NVIC_Init
                0x08000204                NVIC_SetVectorTable
                0x08000230                NVIC_SystemLPConfig
                0x08000270                SysTick_CLKSourceConfig
 .text          0x080002a8      0x6ac ./STM32F10x_StdPeriph_Driver/src/stm32f10x_gpio.o
                0x080002a8                GPIO_DeInit
                0x080003c0                GPIO_AFIODeInit
                0x080003e0                GPIO_Init
                0x08000590                GPIO_StructInit
                0x080005bc                GPIO_ReadInputDataBit
                0x080005f8                GPIO_ReadInputData
                0x08000614                GPIO_ReadOutputDataBit
                0x08000650                GPIO_ReadOutputData
                0x0800066c                GPIO_SetBits
                0x08000688                GPIO_ResetBits
                0x080006a4                GPIO_WriteBit
                0x080006d4                GPIO_Write
                0x080006f0                GPIO_PinLockConfig
                0x08000734                GPIO_EventOutputConfig
                0x08000780                GPIO_EventOutputCmd
                0x080007a0                GPIO_PinRemapConfig
                0x080008a0                GPIO_EXTILineConfig
                0x08000938                GPIO_ETH_MediaInterfaceConfig
 .text          0x08000954      0x1d4 ./STM32F10x_StdPeriph_Driver/src/stm32f10x_pwr.o
                0x0800096c                PWR_DeInit
                0x0800098c                PWR_BackupAccessCmd
                0x080009ac                PWR_PVDCmd
                0x080009cc                PWR_PVDLevelConfig
                0x08000a04                PWR_WakeUpPinCmd
                0x08000a24                PWR_EnterSTOPMode
                0x08000a8c                PWR_EnterSTANDBYMode
                0x08000ac4                PWR_GetFlagStatus
                0x08000b00                PWR_ClearFlag
 .text          0x08000b28      0x840 ./STM32F10x_StdPeriph_Driver/src/stm32f10x_rcc.o
                0x08000b28                RCC_DeInit
                0x08000b84                RCC_HSEConfig
                0x08000be0                RCC_WaitForHSEStartUp
                0x08000c44                RCC_AdjustHSICalibrationValue
                0x08000c84                RCC_HSICmd
                0x08000ca4                RCC_PLLConfig
                0x08000ce4                RCC_PLLCmd
                0x08000d04                RCC_SYSCLKConfig
                0x08000d3c                RCC_GetSYSCLKSource
                0x08000d58                RCC_HCLKConfig
                0x08000d90                RCC_PCLK1Config
                0x08000dc8                RCC_PCLK2Config
                0x08000e04                RCC_ITConfig
                0x08000e50                RCC_USBCLKConfig
                0x08000e6c                RCC_ADCCLKConfig
                0x08000ea4                RCC_LSEConfig
                0x08000ef0                RCC_LSICmd
                0x08000f10                RCC_RTCCLKConfig
                0x08000f34                RCC_RTCCLKCmd
                0x08000f54                RCC_GetClocksFreq
                0x080010d0                RCC_AHBPeriphClockCmd
                0x08001110                RCC_APB2PeriphClockCmd
                0x08001150                RCC_APB1PeriphClockCmd
                0x08001190                RCC_APB2PeriphResetCmd
                0x080011d0                RCC_APB1PeriphResetCmd
                0x08001210                RCC_BackupResetCmd
                0x08001230                RCC_ClockSecuritySystemCmd
                0x08001250                RCC_MCOConfig
                0x08001270                RCC_GetFlagStatus
                0x080012f0                RCC_ClearFlag
                0x0800130c                RCC_GetITStatus
                0x08001348                RCC_ClearITPendingBit
 .text          0x08001368      0x2d4 ./STM32F10x_StdPeriph_Driver/src/stm32f10x_rtc.o
                0x08001368                RTC_ITConfig
                0x080013b4                RTC_EnterConfigMode
                0x080013d4                RTC_ExitConfigMode
                0x080013f4                RTC_GetCounter
                0x08001424                RTC_SetCounter
                0x08001454                RTC_SetPrescaler
                0x08001488                RTC_SetAlarm
                0x080014b8                RTC_GetDivider
                0x080014f4                RTC_WaitForLastTask
                0x08001514                RTC_WaitForSynchro
                0x08001544                RTC_GetFlagStatus
                0x08001584                RTC_ClearFlag
                0x080015b4                RTC_GetITStatus
                0x0800160c                RTC_ClearITPendingBit
 .text          0x0800163c      0x13c ./main.o
                0x08001648                main
                0x08001724                RTC_IRQHandler
 *(.text*)
 .text.Reset_Handler
                0x08001778       0x48 ./CMSIS/startup_stm32f10x_md.o
                0x08001778                Reset_Handler
 .text.Default_Handler
                0x080017c0        0x4 ./CMSIS/startup_stm32f10x_md.o
                0x080017c0                EXTI2_IRQHandler
                0x080017c0                DebugMon_Handler
                0x080017c0                TIM1_CC_IRQHandler
                0x080017c0                HardFault_Handler
                0x080017c0                SysTick_Handler
                0x080017c0                PVD_IRQHandler
                0x080017c0                PendSV_Handler
                0x080017c0                NMI_Handler
                0x080017c0                EXTI3_IRQHandler
                0x080017c0                EXTI0_IRQHandler
                0x080017c0                I2C2_EV_IRQHandler
                0x080017c0                UsageFault_Handler
                0x080017c0                ADC1_2_IRQHandler
                0x080017c0                SPI1_IRQHandler
                0x080017c0                TAMPER_IRQHandler
                0x080017c0                DMA1_Channel4_IRQHandler
                0x080017c0                USART3_IRQHandler
                0x080017c0                DMA1_Channel7_IRQHandler
                0x080017c0                CAN1_RX1_IRQHandler
                0x080017c0                TIM4_IRQHandler
                0x080017c0                I2C1_EV_IRQHandler
                0x080017c0                DMA1_Channel6_IRQHandler
                0x080017c0                TIM3_IRQHandler
                0x080017c0                RCC_IRQHandler
                0x080017c0                TIM1_TRG_COM_IRQHandler
                0x080017c0                DMA1_Channel1_IRQHandler
                0x080017c0                Default_Handler
                0x080017c0                EXTI15_10_IRQHandler
                0x080017c0                EXTI9_5_IRQHandler
                0x080017c0                SPI2_IRQHandler
                0x080017c0                MemManage_Handler
                0x080017c0                SVC_Handler
                0x080017c0                DMA1_Channel5_IRQHandler
                0x080017c0                EXTI4_IRQHandler
                0x080017c0                USB_LP_CAN1_RX0_IRQHandler
                0x080017c0                USB_HP_CAN1_TX_IRQHandler
                0x080017c0                DMA1_Channel3_IRQHandler
                0x080017c0                TIM1_UP_IRQHandler
                0x080017c0                WWDG_IRQHandler
                0x080017c0                TIM2_IRQHandler
                0x080017c0                TIM1_BRK_IRQHandler
                0x080017c0                EXTI1_IRQHandler
                0x080017c0                RTCAlarm_IRQHandler
                0x080017c0                USART2_IRQHandler
                0x080017c0                I2C2_ER_IRQHandler
                0x080017c0                DMA1_Channel2_IRQHandler
                0x080017c0                CAN1_SCE_IRQHandler
                0x080017c0                FLASH_IRQHandler
                0x080017c0                BusFault_Handler
                0x080017c0                USART1_IRQHandler
                0x080017c0                I2C1_ER_IRQHandler
                0x080017c0                USBWakeUp_IRQHandler
 *(.rodata)
 *(.rodata*)
 *(.glue_7)
 .glue_7        0x00000000        0x0 linker stubs
 *(.glue_7t)
 .glue_7t       0x00000000        0x0 linker stubs
 *(.init)
 *(.fini)
                0x080017c4                . = ALIGN (0x4)
                0x080017c4                _etext = .

.vfp11_veneer   0x080017c4        0x0
 .vfp11_veneer  0x00000000        0x0 linker stubs

.v4_bx          0x080017c4        0x0
 .v4_bx         0x00000000        0x0 linker stubs

.iplt           0x080017c4        0x0
 .iplt          0x00000000        0x0 ./STM32F10x_StdPeriph_Driver/src/misc.o

.rel.dyn        0x080017c4        0x0
 .rel.iplt      0x00000000        0x0 ./STM32F10x_StdPeriph_Driver/src/misc.o

.ARM.extab
 *(.ARM.extab* .gnu.linkonce.armextab.*)

.ARM            0x080017c4        0x0
                0x080017c4                __exidx_start = .
 *(.ARM.exidx*)
                0x080017c4                __exidx_end = .

.ARM.attributes
                0x080017c4       0x31
 *(.ARM.attributes)
 .ARM.attributes
                0x080017c4       0x33 ./STM32F10x_StdPeriph_Driver/src/misc.o
 .ARM.attributes
                0x080017f7       0x33 ./STM32F10x_StdPeriph_Driver/src/stm32f10x_gpio.o
 .ARM.attributes
                0x0800182a       0x33 ./STM32F10x_StdPeriph_Driver/src/stm32f10x_pwr.o
 .ARM.attributes
                0x0800185d       0x33 ./STM32F10x_StdPeriph_Driver/src/stm32f10x_rcc.o
 .ARM.attributes
                0x08001890       0x33 ./STM32F10x_StdPeriph_Driver/src/stm32f10x_rtc.o
 .ARM.attributes
                0x080018c3       0x21 ./CMSIS/startup_stm32f10x_md.o
 .ARM.attributes
                0x080018e4       0x33 ./main.o

.preinit_array  0x080017c4        0x0
                0x080017c4                PROVIDE (__preinit_array_start, .)
 *(.preinit_array*)
                0x080017c4                PROVIDE (__preinit_array_end, .)

.init_array     0x080017c4        0x0
                0x080017c4                PROVIDE (__init_array_start, .)
 *(SORT(.init_array.*))
 *(.init_array*)
                0x080017c4                PROVIDE (__init_array_end, .)

.fini_array     0x080017c4        0x0
                0x080017c4                PROVIDE (__fini_array_start, .)
 *(.fini_array*)
 *(SORT(.fini_array.*))
                0x080017c4                PROVIDE (__fini_array_end, .)
                0x080017c4                _sidata = .

.data           0x20000000       0x14 load address 0x08001917
                0x20000000                . = ALIGN (0x4)
                0x20000000                _sdata = .
 *(.data)
 .data          0x20000000       0x14 ./STM32F10x_StdPeriph_Driver/src/stm32f10x_rcc.o
 *(.data*)
                0x20000014                . = ALIGN (0x4)
                0x20000014                _edata = .

.igot.plt       0x20000014        0x0 load address 0x0800192c
 .igot.plt      0x00000000        0x0 ./STM32F10x_StdPeriph_Driver/src/misc.o
                0x20000014                . = ALIGN (0x4)

.bss            0x20000014        0x4 load address 0x0800192b
                0x20000014                _sbss = .
                0x20000014                __bss_start__ = _sbss
 *(.bss)
 *(.bss*)
 *(COMMON)
 COMMON         0x20000014        0x1 ./main.o
                0x20000014                TmpBitVal
                0x20000018                . = ALIGN (0x4)
 *fill*         0x20000015        0x3 
                0x20000018                _ebss = .
                0x20000018                __bss_end__ = _ebss
                0x20000018                PROVIDE (end, _ebss)
                0x20000018                PROVIDE (_end, _ebss)

._user_heap_stack
                0x20000018      0x100 load address 0x0800192f
                0x20000018                . = ALIGN (0x4)
                0x20000018                . = (. + _Min_Heap_Size)
                0x20000118                . = (. + _Min_Stack_Size)
 *fill*         0x20000018      0x100 
                0x20000118                . = ALIGN (0x4)

.memory_b1_text
 *(.mb1text)
 *(.mb1text*)
 *(.mb1rodata)
 *(.mb1rodata*)

/DISCARD/
 libc.a(*)
 libm.a(*)
 libgcc.a(*)
OUTPUT(sensitizer_probe.elf elf32-littlearm)

.debug_info     0x00000000     0x231a
 .debug_info    0x00000000      0x548 ./STM32F10x_StdPeriph_Driver/src/misc.o
 .debug_info    0x00000548      0x732 ./STM32F10x_StdPeriph_Driver/src/stm32f10x_gpio.o
 .debug_info    0x00000c7a      0x463 ./STM32F10x_StdPeriph_Driver/src/stm32f10x_pwr.o
 .debug_info    0x000010dd      0x91e ./STM32F10x_StdPeriph_Driver/src/stm32f10x_rcc.o
 .debug_info    0x000019fb      0x475 ./STM32F10x_StdPeriph_Driver/src/stm32f10x_rtc.o
 .debug_info    0x00001e70       0x73 ./CMSIS/startup_stm32f10x_md.o
 .debug_info    0x00001ee3      0x437 ./main.o

.debug_abbrev   0x00000000      0x962
 .debug_abbrev  0x00000000      0x13b ./STM32F10x_StdPeriph_Driver/src/misc.o
 .debug_abbrev  0x0000013b      0x1cd ./STM32F10x_StdPeriph_Driver/src/stm32f10x_gpio.o
 .debug_abbrev  0x00000308      0x1b0 ./STM32F10x_StdPeriph_Driver/src/stm32f10x_pwr.o
 .debug_abbrev  0x000004b8      0x1bf ./STM32F10x_StdPeriph_Driver/src/stm32f10x_rcc.o
 .debug_abbrev  0x00000677      0x192 ./STM32F10x_StdPeriph_Driver/src/stm32f10x_rtc.o
 .debug_abbrev  0x00000809       0x12 ./CMSIS/startup_stm32f10x_md.o
 .debug_abbrev  0x0000081b      0x147 ./main.o

.debug_loc      0x00000000     0x1180
 .debug_loc     0x00000000      0x118 ./STM32F10x_StdPeriph_Driver/src/misc.o
 .debug_loc     0x00000118      0x3e4 ./STM32F10x_StdPeriph_Driver/src/stm32f10x_gpio.o
 .debug_loc     0x000004fc      0x238 ./STM32F10x_StdPeriph_Driver/src/stm32f10x_pwr.o
 .debug_loc     0x00000734      0x6dc ./STM32F10x_StdPeriph_Driver/src/stm32f10x_rcc.o
 .debug_loc     0x00000e10      0x2e0 ./STM32F10x_StdPeriph_Driver/src/stm32f10x_rtc.o
 .debug_loc     0x000010f0       0x90 ./main.o

.debug_aranges  0x00000000       0xe8
 .debug_aranges
                0x00000000       0x20 ./STM32F10x_StdPeriph_Driver/src/misc.o
 .debug_aranges
                0x00000020       0x20 ./STM32F10x_StdPeriph_Driver/src/stm32f10x_gpio.o
 .debug_aranges
                0x00000040       0x20 ./STM32F10x_StdPeriph_Driver/src/stm32f10x_pwr.o
 .debug_aranges
                0x00000060       0x20 ./STM32F10x_StdPeriph_Driver/src/stm32f10x_rcc.o
 .debug_aranges
                0x00000080       0x20 ./STM32F10x_StdPeriph_Driver/src/stm32f10x_rtc.o
 .debug_aranges
                0x000000a0       0x28 ./CMSIS/startup_stm32f10x_md.o
 .debug_aranges
                0x000000c8       0x20 ./main.o

.debug_macro    0x00000000     0xcebf
 .debug_macro   0x00000000      0x14c ./STM32F10x_StdPeriph_Driver/src/misc.o
 .debug_macro   0x0000014c      0x81a ./STM32F10x_StdPeriph_Driver/src/misc.o
 .debug_macro   0x00000966       0x56 ./STM32F10x_StdPeriph_Driver/src/misc.o
 .debug_macro   0x000009bc       0x22 ./STM32F10x_StdPeriph_Driver/src/misc.o
 .debug_macro   0x000009de      0x214 ./STM32F10x_StdPeriph_Driver/src/misc.o
 .debug_macro   0x00000bf2      0x69f ./STM32F10x_StdPeriph_Driver/src/misc.o
 .debug_macro   0x00001291     0x7dbe ./STM32F10x_StdPeriph_Driver/src/misc.o
 .debug_macro   0x0000904f      0x2df ./STM32F10x_StdPeriph_Driver/src/misc.o
 .debug_macro   0x0000932e      0x144 ./STM32F10x_StdPeriph_Driver/src/misc.o
 .debug_macro   0x00009472      0x3cf ./STM32F10x_StdPeriph_Driver/src/misc.o
 .debug_macro   0x00009841       0xc8 ./STM32F10x_StdPeriph_Driver/src/misc.o
 .debug_macro   0x00009909      0x17a ./STM32F10x_StdPeriph_Driver/src/misc.o
 .debug_macro   0x00009a83       0xac ./STM32F10x_StdPeriph_Driver/src/misc.o
 .debug_macro   0x00009b2f      0x3ad ./STM32F10x_StdPeriph_Driver/src/misc.o
 .debug_macro   0x00009edc       0x9a ./STM32F10x_StdPeriph_Driver/src/misc.o
 .debug_macro   0x00009f76      0x2cf ./STM32F10x_StdPeriph_Driver/src/misc.o
 .debug_macro   0x0000a245      0x279 ./STM32F10x_StdPeriph_Driver/src/misc.o
 .debug_macro   0x0000a4be      0x2ac ./STM32F10x_StdPeriph_Driver/src/misc.o
 .debug_macro   0x0000a76a      0x2b1 ./STM32F10x_StdPeriph_Driver/src/misc.o
 .debug_macro   0x0000aa1b       0x64 ./STM32F10x_StdPeriph_Driver/src/misc.o
 .debug_macro   0x0000aa7f       0x82 ./STM32F10x_StdPeriph_Driver/src/misc.o
 .debug_macro   0x0000ab01      0x3e2 ./STM32F10x_StdPeriph_Driver/src/misc.o
 .debug_macro   0x0000aee3       0x58 ./STM32F10x_StdPeriph_Driver/src/misc.o
 .debug_macro   0x0000af3b      0x341 ./STM32F10x_StdPeriph_Driver/src/misc.o
 .debug_macro   0x0000b27c      0x2c4 ./STM32F10x_StdPeriph_Driver/src/misc.o
 .debug_macro   0x0000b540      0x711 ./STM32F10x_StdPeriph_Driver/src/misc.o
 .debug_macro   0x0000bc51      0x220 ./STM32F10x_StdPeriph_Driver/src/misc.o
 .debug_macro   0x0000be71       0x34 ./STM32F10x_StdPeriph_Driver/src/misc.o
 .debug_macro   0x0000bea5       0x35 ./STM32F10x_StdPeriph_Driver/src/misc.o
 .debug_macro   0x0000beda       0x85 ./STM32F10x_StdPeriph_Driver/src/misc.o
 .debug_macro   0x0000bf5f      0x194 ./STM32F10x_StdPeriph_Driver/src/stm32f10x_gpio.o
 .debug_macro   0x0000c0f3      0x2a6 ./STM32F10x_StdPeriph_Driver/src/stm32f10x_gpio.o
 .debug_macro   0x0000c399      0x188 ./STM32F10x_StdPeriph_Driver/src/stm32f10x_pwr.o
 .debug_macro   0x0000c521       0x7c ./STM32F10x_StdPeriph_Driver/src/stm32f10x_pwr.o
 .debug_macro   0x0000c59d      0x262 ./STM32F10x_StdPeriph_Driver/src/stm32f10x_rcc.o
 .debug_macro   0x0000c7ff      0x3dc ./STM32F10x_StdPeriph_Driver/src/stm32f10x_rcc.o
 .debug_macro   0x0000cbdb      0x152 ./STM32F10x_StdPeriph_Driver/src/stm32f10x_rtc.o
 .debug_macro   0x0000cd2d       0x52 ./STM32F10x_StdPeriph_Driver/src/stm32f10x_rtc.o
 .debug_macro   0x0000cd7f      0x140 ./main.o

.debug_line     0x00000000     0x18fc
 .debug_line    0x00000000      0x3ba ./STM32F10x_StdPeriph_Driver/src/misc.o
 .debug_line    0x000003ba      0x46e ./STM32F10x_StdPeriph_Driver/src/stm32f10x_gpio.o
 .debug_line    0x00000828      0x3e1 ./STM32F10x_StdPeriph_Driver/src/stm32f10x_pwr.o
 .debug_line    0x00000c09      0x4cb ./STM32F10x_StdPeriph_Driver/src/stm32f10x_rcc.o
 .debug_line    0x000010d4      0x3ff ./STM32F10x_StdPeriph_Driver/src/stm32f10x_rtc.o
 .debug_line    0x000014d3       0x7a ./CMSIS/startup_stm32f10x_md.o
 .debug_line    0x0000154d      0x3af ./main.o

.debug_str      0x00000000    0x4db7f
 .debug_str     0x00000000    0x4c27a ./STM32F10x_StdPeriph_Driver/src/misc.o
                              0x4c322 (size before relaxing)
 .debug_str     0x0004c27a      0x5c1 ./STM32F10x_StdPeriph_Driver/src/stm32f10x_gpio.o
                              0x4c68f (size before relaxing)
 .debug_str     0x0004c83b      0x2c4 ./STM32F10x_StdPeriph_Driver/src/stm32f10x_pwr.o
                              0x4c3fa (size before relaxing)
 .debug_str     0x0004caff      0xb63 ./STM32F10x_StdPeriph_Driver/src/stm32f10x_rcc.o
                              0x4cc75 (size before relaxing)
 .debug_str     0x0004d662      0x204 ./STM32F10x_StdPeriph_Driver/src/stm32f10x_rtc.o
                              0x4c320 (size before relaxing)
 .debug_str     0x0004d866      0x319 ./main.o
                              0x4c58b (size before relaxing)

.comment        0x00000000       0x30
 .comment       0x00000000       0x30 ./STM32F10x_StdPeriph_Driver/src/misc.o
                                 0x31 (size before relaxing)
 .comment       0x00000000       0x31 ./STM32F10x_StdPeriph_Driver/src/stm32f10x_gpio.o
 .comment       0x00000000       0x31 ./STM32F10x_StdPeriph_Driver/src/stm32f10x_pwr.o
 .comment       0x00000000       0x31 ./STM32F10x_StdPeriph_Driver/src/stm32f10x_rcc.o
 .comment       0x00000000       0x31 ./STM32F10x_StdPeriph_Driver/src/stm32f10x_rtc.o
 .comment       0x00000000       0x31 ./main.o

.debug_frame    0x00000000      0x994
 .debug_frame   0x00000000       0x9c ./STM32F10x_StdPeriph_Driver/src/misc.o
 .debug_frame   0x0000009c      0x210 ./STM32F10x_StdPeriph_Driver/src/stm32f10x_gpio.o
 .debug_frame   0x000002ac      0x148 ./STM32F10x_StdPeriph_Driver/src/stm32f10x_pwr.o
 .debug_frame   0x000003f4      0x394 ./STM32F10x_StdPeriph_Driver/src/stm32f10x_rcc.o
 .debug_frame   0x00000788      0x1a4 ./STM32F10x_StdPeriph_Driver/src/stm32f10x_rtc.o
 .debug_frame   0x0000092c       0x68 ./main.o

.debug_ranges   0x00000000       0x20
 .debug_ranges  0x00000000       0x20 ./CMSIS/startup_stm32f10x_md.o
