   1              		.syntax unified
   2              		.cpu cortex-m4
   3              		.fpu softvfp
   4              		.eabi_attribute 20, 1
   5              		.eabi_attribute 21, 1
   6              		.eabi_attribute 23, 3
   7              		.eabi_attribute 24, 1
   8              		.eabi_attribute 25, 1
   9              		.eabi_attribute 26, 1
  10              		.eabi_attribute 30, 6
  11              		.eabi_attribute 34, 1
  12              		.eabi_attribute 18, 4
  13              		.thumb
  14              		.file	"utils.c"
  15              		.text
  16              	.Ltext0:
  17              		.cfi_sections	.debug_frame
  18              		.global	txSeq
  19              		.section	.rodata
  20              		.align	2
  23              	txSeq:
  24 0000 00000000 		.word	START_TX_BYTE
  25 0004 00000000 		.word	clearValues
  26 0008 02000000 		.word	clearValues+2
  27 000c 04000000 		.word	clearValues+4
  28 0010 06000000 		.word	clearValues+6
  29 0014 08000000 		.word	clearValues+8
  30 0018 0A000000 		.word	clearValues+10
  31              		.global	sensorValues
  32              		.bss
  33              		.align	2
  36              	sensorValues:
  37 0000 00000000 		.space	12
  37      00000000 
  37      00000000 
  38              		.global	rotationMatrix
  39              		.align	2
  42              	rotationMatrix:
  43 000c 00000000 		.space	18
  43      00000000 
  43      00000000 
  43      00000000 
  43      0000
  44              		.global	clearValues
  45 001e 0000     		.align	2
  48              	clearValues:
  49 0020 00000000 		.space	12
  49      00000000 
  49      00000000 
  50              		.global	rxCount
  51              		.align	2
  54              	rxCount:
  55 002c 00000000 		.space	4
  56              		.global	START_RX_BYTE
  57              		.section	.rodata
  58              		.align	1
  61              	START_RX_BYTE:
  62 001c 0000     		.space	2
  63              		.global	rxSeq
  64 001e 0000     		.align	2
  67              	rxSeq:
  68 0020 00000000 		.word	START_RX_BYTE
  69 0024 00000000 		.word	sensorValues
  70 0028 02000000 		.word	sensorValues+2
  71 002c 04000000 		.word	sensorValues+4
  72 0030 06000000 		.word	sensorValues+6
  73 0034 08000000 		.word	sensorValues+8
  74 0038 0A000000 		.word	sensorValues+10
  75 003c 00000000 		.word	rotationMatrix
  76 0040 02000000 		.word	rotationMatrix+2
  77 0044 04000000 		.word	rotationMatrix+4
  78 0048 06000000 		.word	rotationMatrix+6
  79 004c 08000000 		.word	rotationMatrix+8
  80 0050 0A000000 		.word	rotationMatrix+10
  81 0054 0C000000 		.word	rotationMatrix+12
  82 0058 0E000000 		.word	rotationMatrix+14
  83 005c 10000000 		.word	rotationMatrix+16
  84              		.global	txCount
  85              		.bss
  86              		.align	2
  89              	txCount:
  90 0030 00000000 		.space	4
  91              		.global	START_TX_BYTE
  92              		.section	.rodata
  93              		.align	1
  96              	START_TX_BYTE:
  97 0060 0000     		.space	2
  98              		.global	ToolProperties
  99 0062 0000     		.bss
 100              		.align	2
 103              	ToolProperties:
 104 0034 00000000 		.space	12
 104      00000000 
 104      00000000 
 105              		.text
 106              	.Letext0:
 107              		.file 1 "/opt/codesourcery/arm-2012.09/bin/../lib/gcc/arm-none-eabi/4.7.2/../../../../arm-none-eab
 108              		.file 2 "../utils.h"
 109              		.file 3 "../utils.c"
DEFINED SYMBOLS
                            *ABS*:00000000 utils.c
     /tmp/ccNxUlEA.s:23     .rodata:00000000 txSeq
     /tmp/ccNxUlEA.s:20     .rodata:00000000 $d
     /tmp/ccNxUlEA.s:96     .rodata:00000060 START_TX_BYTE
     /tmp/ccNxUlEA.s:48     .bss:00000020 clearValues
     /tmp/ccNxUlEA.s:36     .bss:00000000 sensorValues
     /tmp/ccNxUlEA.s:33     .bss:00000000 $d
     /tmp/ccNxUlEA.s:42     .bss:0000000c rotationMatrix
     /tmp/ccNxUlEA.s:54     .bss:0000002c rxCount
     /tmp/ccNxUlEA.s:61     .rodata:0000001c START_RX_BYTE
     /tmp/ccNxUlEA.s:67     .rodata:00000020 rxSeq
     /tmp/ccNxUlEA.s:89     .bss:00000030 txCount
     /tmp/ccNxUlEA.s:103    .bss:00000034 ToolProperties
                           .group:00000000 wm4.1.f2b32ee49e703f71d2941adfc5f04874
                           .group:00000000 wm4.stdint.h.10.90b695f550ca6cc3fb08fa83baf01e05
                           .group:00000000 wm4.utils.h.36.831e31bce070b14e68f1d865f43c4b9d

NO UNDEFINED SYMBOLS
